FUNCTION usage (usage)
FUNCTION emit_stdin_note (emit_stdin_note)
FUNCTION emit_mandatory_arg_note (emit_mandatory_arg_note)
FUNCTION oputs_ (oputs_)
{"function": "oputs_", "function_demangled": "oputs_", "file": "/workspaces/Thesis/.build/coreutils/src/system.h", "line": 630, "access_kind": "load", "index_kind": "variable", "index_name": "%70", "origin": "unknown", "inside_loop": true, "dominated_by_check": false, "check_line": 0, "check_op": "", "check_bound": "", "buffer_size": 0, "bound_ok": "none", "index_expr": "memory", "check_signed": false}
{"function": "oputs_", "function_demangled": "oputs_", "file": "/workspaces/Thesis/.build/coreutils/src/system.h", "line": 647, "access_kind": "load", "index_kind": "constant", "index_name": "", "origin": "alloca", "inside_loop": true, "dominated_by_check": false, "check_line": 0, "check_op": "", "check_bound": "", "buffer_size": 0, "bound_ok": "none", "index_expr": "", "check_signed": false}
{"function": "oputs_", "function_demangled": "oputs_", "file": "/workspaces/Thesis/.build/coreutils/src/system.h", "line": 649, "access_kind": "load", "index_kind": "variable", "index_name": "%125", "origin": "unknown", "inside_loop": true, "dominated_by_check": false, "check_line": 0, "check_op": "", "check_bound": "", "buffer_size": 0, "bound_ok": "none", "index_expr": "memory", "check_signed": false}
{"function": "oputs_", "function_demangled": "oputs_", "file": "/workspaces/Thesis/.build/coreutils/src/system.h", "line": 651, "access_kind": "load", "index_kind": "constant", "index_name": "", "origin": "alloca", "inside_loop": true, "dominated_by_check": false, "check_line": 0, "check_op": "", "check_bound": "", "buffer_size": 0, "bound_ok": "none", "index_expr": "", "check_signed": false}
{"function": "oputs_", "function_demangled": "oputs_", "file": "/workspaces/Thesis/.build/coreutils/src/system.h", "line": 651, "access_kind": "load", "index_kind": "variable", "index_name": "%143", "origin": "unknown", "inside_loop": true, "dominated_by_check": false, "check_line": 0, "check_op": "", "check_bound": "", "buffer_size": 0, "bound_ok": "none", "index_expr": "memory", "check_signed": false}
{"function": "oputs_", "function_demangled": "oputs_", "file": "/workspaces/Thesis/.build/coreutils/src/system.h", "line": 655, "access_kind": "load", "index_kind": "constant", "index_name": "", "origin": "alloca", "inside_loop": true, "dominated_by_check": false, "check_line": 0, "check_op": "", "check_bound": "", "buffer_size": 0, "bound_ok": "none", "index_expr": "", "check_signed": false}
FUNCTION emit_ancillary_info (emit_ancillary_info)
{"function": "emit_ancillary_info", "function_demangled": "emit_ancillary_info", "file": "/workspaces/Thesis/.build/coreutils/src/system.h", "line": 870, "access_kind": "load", "index_kind": "constant", "index_name": "", "origin": "alloca", "inside_loop": true, "dominated_by_check": false, "check_line": 0, "check_op": "", "check_bound": "", "buffer_size": 0, "bound_ok": "none", "index_expr": "", "check_signed": false}
{"function": "emit_ancillary_info", "function_demangled": "emit_ancillary_info", "file": "/workspaces/Thesis/.build/coreutils/src/system.h", "line": 870, "access_kind": "load", "index_kind": "constant", "index_name": "", "origin": "alloca", "inside_loop": true, "dominated_by_check": false, "check_line": 0, "check_op": "", "check_bound": "", "buffer_size": 0, "bound_ok": "none", "index_expr": "", "check_signed": false}
{"function": "emit_ancillary_info", "function_demangled": "emit_ancillary_info", "file": "/workspaces/Thesis/.build/coreutils/src/system.h", "line": 873, "access_kind": "load", "index_kind": "constant", "index_name": "", "origin": "alloca", "inside_loop": false, "dominated_by_check": false, "check_line": 0, "check_op": "", "check_bound": "", "buffer_size": 0, "bound_ok": "none", "index_expr": "", "check_signed": false}
{"function": "emit_ancillary_info", "function_demangled": "emit_ancillary_info", "file": "/workspaces/Thesis/.build/coreutils/src/system.h", "line": 874, "access_kind": "load", "index_kind": "constant", "index_name": "", "origin": "alloca", "inside_loop": false, "dominated_by_check": false, "check_line": 0, "check_op": "", "check_bound": "", "buffer_size": 0, "bound_ok": "none", "index_expr": "", "check_signed": false}
FUNCTION main (main)
{"function": "main", "function_demangled": "main", "file": "/workspaces/Thesis/.build/coreutils/src/expand.c", "line": 194, "access_kind": "load", "index_kind": "constant", "index_name": "", "origin": "param", "inside_loop": false, "dominated_by_check": false, "check_line": 0, "check_op": "", "check_bound": "", "buffer_size": 0, "bound_ok": "none", "index_expr": "", "check_signed": false}
{"function": "main", "function_demangled": "main", "file": "/workspaces/Thesis/.build/coreutils/src/expand.c", "line": 221, "access_kind": "store", "index_kind": "constant", "index_name": "", "origin": "alloca", "inside_loop": true, "dominated_by_check": false, "check_line": 0, "check_op": "", "check_bound": "", "buffer_size": 0, "bound_ok": "none", "index_expr": "", "check_signed": false}
{"function": "main", "function_demangled": "main", "file": "/workspaces/Thesis/.build/coreutils/src/expand.c", "line": 222, "access_kind": "store", "index_kind": "constant", "index_name": "", "origin": "alloca", "inside_loop": true, "dominated_by_check": false, "check_line": 0, "check_op": "", "check_bound": "", "buffer_size": 0, "bound_ok": "none", "index_expr": "", "check_signed": false}
FUNCTION expand (expand)
{"function": "expand", "function_demangled": "expand", "file": "/workspaces/Thesis/.build/coreutils/src/expand.c", "line": 137, "access_kind": "load", "index_kind": "constant", "index_name": "", "origin": "alloca", "inside_loop": true, "dominated_by_check": false, "check_line": 0, "check_op": "", "check_bound": "", "buffer_size": 0, "bound_ok": "none", "index_expr": "", "check_signed": false}
{"function": "expand", "function_demangled": "expand", "file": "/workspaces/Thesis/.build/coreutils/src/expand.c", "line": 143, "access_kind": "load", "index_kind": "constant", "index_name": "", "origin": "alloca", "inside_loop": true, "dominated_by_check": false, "check_line": 0, "check_op": "", "check_bound": "", "buffer_size": 0, "bound_ok": "none", "index_expr": "", "check_signed": false}
{"function": "expand", "function_demangled": "expand", "file": "/workspaces/Thesis/.build/coreutils/src/expand.c", "line": 145, "access_kind": "load", "index_kind": "constant", "index_name": "", "origin": "alloca", "inside_loop": true, "dominated_by_check": false, "check_line": 0, "check_op": "", "check_bound": "", "buffer_size": 0, "bound_ok": "none", "index_expr": "", "check_signed": false}
{"function": "expand", "function_demangled": "expand", "file": "/workspaces/Thesis/.build/coreutils/src/expand.c", "line": 161, "access_kind": "load", "index_kind": "constant", "index_name": "", "origin": "alloca", "inside_loop": true, "dominated_by_check": false, "check_line": 0, "check_op": "", "check_bound": "", "buffer_size": 0, "bound_ok": "none", "index_expr": "", "check_signed": false}
{"function": "expand", "function_demangled": "expand", "file": "/workspaces/Thesis/.build/coreutils/src/expand.c", "line": 170, "access_kind": "load", "index_kind": "constant", "index_name": "", "origin": "alloca", "inside_loop": true, "dominated_by_check": false, "check_line": 0, "check_op": "", "check_bound": "", "buffer_size": 0, "bound_ok": "none", "index_expr": "", "check_signed": false}
{"function": "expand", "function_demangled": "expand", "file": "/workspaces/Thesis/.build/coreutils/src/expand.c", "line": 177, "access_kind": "load", "index_kind": "constant", "index_name": "", "origin": "alloca", "inside_loop": true, "dominated_by_check": false, "check_line": 0, "check_op": "", "check_bound": "", "buffer_size": 0, "bound_ok": "none", "index_expr": "", "check_signed": false}
{"function": "expand", "function_demangled": "expand", "file": "/workspaces/Thesis/.build/coreutils/src/expand.c", "line": 180, "access_kind": "load", "index_kind": "constant", "index_name": "", "origin": "alloca", "inside_loop": true, "dominated_by_check": false, "check_line": 0, "check_op": "", "check_bound": "", "buffer_size": 0, "bound_ok": "none", "index_expr": "", "check_signed": false}
{"function": "expand", "function_demangled": "expand", "file": "/workspaces/Thesis/.build/coreutils/src/expand.c", "line": 184, "access_kind": "load", "index_kind": "constant", "index_name": "", "origin": "alloca", "inside_loop": true, "dominated_by_check": false, "check_line": 0, "check_op": "", "check_bound": "", "buffer_size": 0, "bound_ok": "none", "index_expr": "", "check_signed": false}
FUNCTION c32issep (c32issep)
FUNCTION write_error (write_error)
