FUNCTION usage (usage)
FUNCTION emit_stdin_note (emit_stdin_note)
FUNCTION emit_mandatory_arg_note (emit_mandatory_arg_note)
FUNCTION oputs_ (oputs_)
{"function": "oputs_", "function_demangled": "oputs_", "file": "/workspaces/Thesis/.build/coreutils/src/system.h", "line": 630, "access_kind": "load", "index_kind": "variable", "index_name": "%70", "origin": "unknown", "inside_loop": true, "dominated_by_check": false}
{"function": "oputs_", "function_demangled": "oputs_", "file": "/workspaces/Thesis/.build/coreutils/src/system.h", "line": 647, "access_kind": "load", "index_kind": "constant", "index_name": "", "origin": "alloca", "inside_loop": true, "dominated_by_check": false}
{"function": "oputs_", "function_demangled": "oputs_", "file": "/workspaces/Thesis/.build/coreutils/src/system.h", "line": 649, "access_kind": "load", "index_kind": "variable", "index_name": "%125", "origin": "unknown", "inside_loop": true, "dominated_by_check": false}
{"function": "oputs_", "function_demangled": "oputs_", "file": "/workspaces/Thesis/.build/coreutils/src/system.h", "line": 651, "access_kind": "load", "index_kind": "constant", "index_name": "", "origin": "alloca", "inside_loop": true, "dominated_by_check": false}
{"function": "oputs_", "function_demangled": "oputs_", "file": "/workspaces/Thesis/.build/coreutils/src/system.h", "line": 651, "access_kind": "load", "index_kind": "variable", "index_name": "%143", "origin": "unknown", "inside_loop": true, "dominated_by_check": false}
{"function": "oputs_", "function_demangled": "oputs_", "file": "/workspaces/Thesis/.build/coreutils/src/system.h", "line": 655, "access_kind": "load", "index_kind": "constant", "index_name": "", "origin": "alloca", "inside_loop": true, "dominated_by_check": false}
FUNCTION emit_ancillary_info (emit_ancillary_info)
{"function": "emit_ancillary_info", "function_demangled": "emit_ancillary_info", "file": "/workspaces/Thesis/.build/coreutils/src/system.h", "line": 870, "access_kind": "load", "index_kind": "constant", "index_name": "", "origin": "alloca", "inside_loop": true, "dominated_by_check": false}
{"function": "emit_ancillary_info", "function_demangled": "emit_ancillary_info", "file": "/workspaces/Thesis/.build/coreutils/src/system.h", "line": 870, "access_kind": "load", "index_kind": "constant", "index_name": "", "origin": "alloca", "inside_loop": true, "dominated_by_check": false}
{"function": "emit_ancillary_info", "function_demangled": "emit_ancillary_info", "file": "/workspaces/Thesis/.build/coreutils/src/system.h", "line": 873, "access_kind": "load", "index_kind": "constant", "index_name": "", "origin": "alloca", "inside_loop": false, "dominated_by_check": false}
{"function": "emit_ancillary_info", "function_demangled": "emit_ancillary_info", "file": "/workspaces/Thesis/.build/coreutils/src/system.h", "line": 874, "access_kind": "load", "index_kind": "constant", "index_name": "", "origin": "alloca", "inside_loop": false, "dominated_by_check": false}
FUNCTION main (main)
{"function": "main", "function_demangled": "main", "file": "/workspaces/Thesis/.build/coreutils/src/paste.c", "line": 497, "access_kind": "load", "index_kind": "constant", "index_name": "", "origin": "param", "inside_loop": false, "dominated_by_check": false}
{"function": "main", "function_demangled": "main", "file": "/workspaces/Thesis/.build/coreutils/src/paste.c", "line": 510, "access_kind": "load", "index_kind": "constant", "index_name": "", "origin": "global", "inside_loop": true, "dominated_by_check": false}
{"function": "main", "function_demangled": "main", "file": "/workspaces/Thesis/.build/coreutils/src/paste.c", "line": 533, "access_kind": "store", "index_kind": "variable", "index_name": "%55", "origin": "param", "inside_loop": false, "dominated_by_check": false}
FUNCTION bad_cast (bad_cast)
FUNCTION collapse_escapes (collapse_escapes)
{"function": "collapse_escapes", "function_demangled": "collapse_escapes", "file": "/workspaces/Thesis/.build/coreutils/src/paste.c", "line": 118, "access_kind": "store", "index_kind": "variable", "index_name": "%48", "origin": "global", "inside_loop": true, "dominated_by_check": false}
{"function": "collapse_escapes", "function_demangled": "collapse_escapes", "file": "/workspaces/Thesis/.build/coreutils/src/paste.c", "line": 135, "access_kind": "store", "index_kind": "variable", "index_name": "%81", "origin": "global", "inside_loop": true, "dominated_by_check": false}
{"function": "collapse_escapes", "function_demangled": "collapse_escapes", "file": "/workspaces/Thesis/.build/coreutils/src/paste.c", "line": 143, "access_kind": "load", "index_kind": "constant", "index_name": "", "origin": "alloca", "inside_loop": true, "dominated_by_check": false}
{"function": "collapse_escapes", "function_demangled": "collapse_escapes", "file": "/workspaces/Thesis/.build/coreutils/src/paste.c", "line": 144, "access_kind": "load", "index_kind": "constant", "index_name": "", "origin": "alloca", "inside_loop": true, "dominated_by_check": false}
{"function": "collapse_escapes", "function_demangled": "collapse_escapes", "file": "/workspaces/Thesis/.build/coreutils/src/paste.c", "line": 145, "access_kind": "load", "index_kind": "constant", "index_name": "", "origin": "alloca", "inside_loop": true, "dominated_by_check": false}
{"function": "collapse_escapes", "function_demangled": "collapse_escapes", "file": "/workspaces/Thesis/.build/coreutils/src/paste.c", "line": 145, "access_kind": "store", "index_kind": "variable", "index_name": "%106", "origin": "global", "inside_loop": true, "dominated_by_check": false}
{"function": "collapse_escapes", "function_demangled": "collapse_escapes", "file": "/workspaces/Thesis/.build/coreutils/src/paste.c", "line": 152, "access_kind": "store", "index_kind": "constant", "index_name": "", "origin": "global", "inside_loop": false, "dominated_by_check": false}
FUNCTION paste_serial (paste_serial)
{"function": "paste_serial", "function_demangled": "paste_serial", "file": "/workspaces/Thesis/.build/coreutils/src/paste.c", "line": 409, "access_kind": "load", "index_kind": "variable", "index_name": "%61", "origin": "global", "inside_loop": true, "dominated_by_check": false}
{"function": "paste_serial", "function_demangled": "paste_serial", "file": "/workspaces/Thesis/.build/coreutils/src/paste.c", "line": 410, "access_kind": "load", "index_kind": "variable", "index_name": "%65", "origin": "global", "inside_loop": true, "dominated_by_check": false}
FUNCTION paste_parallel (paste_parallel)
{"function": "paste_parallel", "function_demangled": "paste_parallel", "file": "/workspaces/Thesis/.build/coreutils/src/paste.c", "line": 210, "access_kind": "load", "index_kind": "variable", "index_name": "%35", "origin": "param", "inside_loop": true, "dominated_by_check": false}
{"function": "paste_parallel", "function_demangled": "paste_parallel", "file": "/workspaces/Thesis/.build/coreutils/src/paste.c", "line": 213, "access_kind": "store", "index_kind": "variable", "index_name": "%42", "origin": "heap", "inside_loop": true, "dominated_by_check": false}
{"function": "paste_parallel", "function_demangled": "paste_parallel", "file": "/workspaces/Thesis/.build/coreutils/src/paste.c", "line": 217, "access_kind": "load", "index_kind": "variable", "index_name": "%46", "origin": "param", "inside_loop": true, "dominated_by_check": false}
{"function": "paste_parallel", "function_demangled": "paste_parallel", "file": "/workspaces/Thesis/.build/coreutils/src/paste.c", "line": 217, "access_kind": "store", "index_kind": "variable", "index_name": "%51", "origin": "heap", "inside_loop": true, "dominated_by_check": false}
{"function": "paste_parallel", "function_demangled": "paste_parallel", "file": "/workspaces/Thesis/.build/coreutils/src/paste.c", "line": 218, "access_kind": "load", "index_kind": "variable", "index_name": "%54", "origin": "heap", "inside_loop": true, "dominated_by_check": false}
{"function": "paste_parallel", "function_demangled": "paste_parallel", "file": "/workspaces/Thesis/.build/coreutils/src/paste.c", "line": 219, "access_kind": "load", "index_kind": "variable", "index_name": "%62", "origin": "param", "inside_loop": false, "dominated_by_check": false}
{"function": "paste_parallel", "function_demangled": "paste_parallel", "file": "/workspaces/Thesis/.build/coreutils/src/paste.c", "line": 220, "access_kind": "load", "index_kind": "variable", "index_name": "%68", "origin": "heap", "inside_loop": true, "dominated_by_check": false}
{"function": "paste_parallel", "function_demangled": "paste_parallel", "file": "/workspaces/Thesis/.build/coreutils/src/paste.c", "line": 222, "access_kind": "load", "index_kind": "variable", "index_name": "%77", "origin": "heap", "inside_loop": true, "dominated_by_check": false}
{"function": "paste_parallel", "function_demangled": "paste_parallel", "file": "/workspaces/Thesis/.build/coreutils/src/paste.c", "line": 247, "access_kind": "load", "index_kind": "variable", "index_name": "%108", "origin": "heap", "inside_loop": true, "dominated_by_check": false}
{"function": "paste_parallel", "function_demangled": "paste_parallel", "file": "/workspaces/Thesis/.build/coreutils/src/paste.c", "line": 249, "access_kind": "load", "index_kind": "variable", "index_name": "%114", "origin": "heap", "inside_loop": true, "dominated_by_check": false}
{"function": "paste_parallel", "function_demangled": "paste_parallel", "file": "/workspaces/Thesis/.build/coreutils/src/paste.c", "line": 264, "access_kind": "load", "index_kind": "variable", "index_name": "%148", "origin": "heap", "inside_loop": true, "dominated_by_check": false}
{"function": "paste_parallel", "function_demangled": "paste_parallel", "file": "/workspaces/Thesis/.build/coreutils/src/paste.c", "line": 273, "access_kind": "load", "index_kind": "variable", "index_name": "%160", "origin": "heap", "inside_loop": true, "dominated_by_check": false}
{"function": "paste_parallel", "function_demangled": "paste_parallel", "file": "/workspaces/Thesis/.build/coreutils/src/paste.c", "line": 275, "access_kind": "load", "index_kind": "variable", "index_name": "%166", "origin": "heap", "inside_loop": true, "dominated_by_check": false}
{"function": "paste_parallel", "function_demangled": "paste_parallel", "file": "/workspaces/Thesis/.build/coreutils/src/paste.c", "line": 277, "access_kind": "load", "index_kind": "variable", "index_name": "%174", "origin": "heap", "inside_loop": true, "dominated_by_check": false}
{"function": "paste_parallel", "function_demangled": "paste_parallel", "file": "/workspaces/Thesis/.build/coreutils/src/paste.c", "line": 278, "access_kind": "load", "index_kind": "variable", "index_name": "%181", "origin": "heap", "inside_loop": true, "dominated_by_check": false}
{"function": "paste_parallel", "function_demangled": "paste_parallel", "file": "/workspaces/Thesis/.build/coreutils/src/paste.c", "line": 279, "access_kind": "load", "index_kind": "variable", "index_name": "%186", "origin": "heap", "inside_loop": true, "dominated_by_check": false}
{"function": "paste_parallel", "function_demangled": "paste_parallel", "file": "/workspaces/Thesis/.build/coreutils/src/paste.c", "line": 283, "access_kind": "load", "index_kind": "variable", "index_name": "%204", "origin": "param", "inside_loop": true, "dominated_by_check": false}
{"function": "paste_parallel", "function_demangled": "paste_parallel", "file": "/workspaces/Thesis/.build/coreutils/src/paste.c", "line": 287, "access_kind": "store", "index_kind": "variable", "index_name": "%210", "origin": "heap", "inside_loop": true, "dominated_by_check": false}
{"function": "paste_parallel", "function_demangled": "paste_parallel", "file": "/workspaces/Thesis/.build/coreutils/src/paste.c", "line": 312, "access_kind": "load", "index_kind": "variable", "index_name": "%239", "origin": "global", "inside_loop": true, "dominated_by_check": false}
{"function": "paste_parallel", "function_demangled": "paste_parallel", "file": "/workspaces/Thesis/.build/coreutils/src/paste.c", "line": 336, "access_kind": "load", "index_kind": "variable", "index_name": "%287", "origin": "global", "inside_loop": true, "dominated_by_check": false}
{"function": "paste_parallel", "function_demangled": "paste_parallel", "file": "/workspaces/Thesis/.build/coreutils/src/paste.c", "line": 337, "access_kind": "load", "index_kind": "variable", "index_name": "%291", "origin": "global", "inside_loop": true, "dominated_by_check": false}
FUNCTION output_delim (output_delim)
FUNCTION xputchar (xputchar)
FUNCTION write_error (write_error)
